[help.futureproofs.net/index.html]
[backblue.gif]
[fade.gif]
[index.html]
[d33v4339jhl8k0.cloudfront.net/docs/assets/52933b0ee4b0865bc066c067/images/530b692fe4b078f4bda9b73a/collate-it-graphic5a.png]
[d33v4339jhl8k0.cloudfront.net/docs/assets/52933b0ee4b0865bc066c067/images/52933c36e4b0c0a51fb86498/favicon.ico]
[www.google.com/recaptcha/api.js]
[external.html]
[d33v4339jhl8k0.cloudfront.net/docs/assets/52933b0ee4b0865bc066c067/images/59ae8784042863033a1c9444/Futureproofs-logo_med.png]
[plausible.io/js/plausible.js]
[help.futureproofs.net/contact.html]
[help.futureproofs.net/category/5-first-time-here.html]
[help.futureproofs.net/category/244-videos.html]
[help.futureproofs.net/category/176-personal-account-details.html]
[help.futureproofs.net/category/10-overview.html]
[help.futureproofs.net/category/103-publisher-accounts.html]
[help.futureproofs.net/category/11-projects-creating-projects.html]
[help.futureproofs.net/category/3-help.html]
[help.futureproofs.net/category/113-building-teams.html]
[help.futureproofs.net/category/6-proofs.html]
[help.futureproofs.net/category/205-navigating-your-proofs.html]
[help.futureproofs.net/category/108-marking-up-proofs.html]
[help.futureproofs.net/category/114-dealing-with-queries.html]
[help.futureproofs.net/category/107-master-proofs.html]
[help.futureproofs.net/category/157-reviewing-markup.html]
[help.futureproofs.net/category/165-comparing-proofs.html]
[d3eto7onm69fcz.cloudfront.net/assets/javascripts/app3.min.js]
[help.futureproofs.net/index.html]
[fonts.googleapis.com/css0514.css]
[help.futureproofs.net/contact.html]
[help.futureproofs.net/category/138-emails.html]
[help.futureproofs.net/article/247-0-what-is-futureproofs.html]
[help.futureproofs.net/article/245-1-introducing-markup.html]
[help.futureproofs.net/article/19-who-should-use-futureproofs.html]
[help.futureproofs.net/article/22-logging-in.html]
[help.futureproofs.net/article/223-what-do-i-need-to-do-as-an-author.html]
[help.futureproofs.net/article/226-what-do-i-need-to-do-as-an-editor.html]
[help.futureproofs.net/article/227-what-do-i-need-to-do-as-a-project-manager.html]
[help.futureproofs.net/article/225-what-do-i-need-to-do-as-a-proofreader.html]
[help.futureproofs.net/article/224-what-do-i-need-to-do-as-a-designer.html]
[help.futureproofs.net/article/102-finding-your-dashboard.html]
[help.futureproofs.net/article/141-whats-on-the-dashboard.html]
[help.futureproofs.net/article/144-which-web-browsers-do-you-support.html]
[help.futureproofs.net/category/5-first-time-here.html]
[help.futureproofs.net/article/232-what-screen-size-do-i-need.html]
[help.futureproofs.net/article/246-2-work-with-markup.html]
[help.futureproofs.net/article/248-3-measuring-success.html]
[help.futureproofs.net/article/249-4-create-and-manage-queries.html]
[help.futureproofs.net/article/250-video-5-working-with-master-proofs.html]
[help.futureproofs.net/category/244-videos.html]
[help.futureproofs.net/article/251-video-6-reviewing-master-proofs-and-implementing-corrections.html]
[help.futureproofs.net/article/177-how-do-i-change-my-registered-email-address.html]
[help.futureproofs.net/article/178-how-do-i-change-the-name-futureproofs-calls-me.html]
[help.futureproofs.net/article/179-how-do-i-change-my-password.html]
[help.futureproofs.net/category/176-personal-account-details.html]
[help.futureproofs.net/article/180-what-if-i-forget-my-password.html]
[help.futureproofs.net/category/10-overview.html]
[help.futureproofs.net/article/21-summary-of-the-futureproofs-workflow.html]
[help.futureproofs.net/article/24-how-do-i-create-a-publisher-account.html]
[help.futureproofs.net/article/25-how-do-i-invite-people-to-join-my-publisher-account.html]
[help.futureproofs.net/article/183-how-do-i-leave-a-publisher-account.html]
[help.futureproofs.net/article/155-how-do-i-know-who-has-access-to-my-publisher.html]
[help.futureproofs.net/article/154-what-is-the-difference-between-the-owner-and-admin-of-a-publisher-account.html]
[help.futureproofs.net/article/23-why-cant-i-create-a-project.html]
[help.futureproofs.net/article/156-how-do-i-change-someones-role-in-my-publisher.html]
[help.futureproofs.net/category/103-publisher-accounts.html]
[help.futureproofs.net/article/204-what-is-the-time-zone-setting-for.html]
[help.futureproofs.net/article/26-things-to-do-before-creating-a-project.html]
[help.futureproofs.net/article/27-summary-of-projects-in-futureproofs.html]
[help.futureproofs.net/article/29-adding-a-new-project.html]
[help.futureproofs.net/category/11-projects-creating-projects.html]
[help.futureproofs.net/article/153-what-are-the-maximum-file-sizes.html]
[help.futureproofs.net/article/30-things-to-do-before-editing-a-project.html]
[help.futureproofs.net/article/31-finding-your-project-page.html]
[help.futureproofs.net/article/32-project-name-isbn-and-target-publication-date.html]
[help.futureproofs.net/article/33-projects-cover-image.html]
[help.futureproofs.net/article/175-how-do-i-change-the-project-details.html]
[help.futureproofs.net/article/34-inviting-people-to-work-on-your-project.html]
[help.futureproofs.net/article/105-how-do-i-change-someones-role-on-my-project.html]
[help.futureproofs.net/article/35-removing-people-from-your-project.html]
[help.futureproofs.net/article/143-how-can-i-tell-whether-my-team-has-finished-working-on-a-proof.html]
[help.futureproofs.net/article/145-what-are-user-roles.html]
[help.futureproofs.net/article/150-how-do-i-limit-a-team-members-access-to-data-or-features.html]
[help.futureproofs.net/article/188-how-do-i-change-how-often-query-reminder-emails-are-sent.html]
[help.futureproofs.net/article/196-can-i-remove-projects-from-my-dashboard.html]
[help.futureproofs.net/category/3-help.html]
[help.futureproofs.net/article/197-how-do-i-see-a-project-thats-been-archived.html]
[help.futureproofs.net/article/159-things-to-do-before-building-a-team.html]
[help.futureproofs.net/article/146-what-can-the-project-owner-do.html]
[help.futureproofs.net/article/147-what-can-a-proofreader-do.html]
[help.futureproofs.net/article/213-what-can-a-designer-do.html]
[help.futureproofs.net/article/148-what-can-an-author-do.html]
[help.futureproofs.net/article/152-why-cant-i-change-my-own-role-on-a-project.html]
[help.futureproofs.net/article/190-what-is-a-failed-invitation.html]
[help.futureproofs.net/category/113-building-teams.html]
[help.futureproofs.net/article/240-how-do-i-remove-someone-from-my-project-team.html]
[help.futureproofs.net/article/37-things-to-do-before-uploading-proofs.html]
[help.futureproofs.net/article/38-summary-of-proofs-in-futureproofs.html]
[help.futureproofs.net/article/39-uploading-proofs.html]
[help.futureproofs.net/article/106-how-do-i-change-the-name-of-my-proof.html]
[help.futureproofs.net/article/40-letting-your-team-know-about-new-proofs.html]
[help.futureproofs.net/article/187-how-do-i-change-the-markup-language-used-on-my-proofs.html]
[help.futureproofs.net/article/41-setting-deadlines-for-proofs.html]
[help.futureproofs.net/article/185-why-wont-my-pdf-upload.html]
[help.futureproofs.net/article/198-can-i-set-a-proof-to-done-for-someone-else-on-my-team.html]
[help.futureproofs.net/category/6-proofs.html]
[help.futureproofs.net/article/200-can-i-delete-a-proof.html]
[help.futureproofs.net/article/112-the-markup-toolbar.html]
[help.futureproofs.net/article/234-how-do-i-move-around-a-proof-page.html]
[help.futureproofs.net/article/211-how-do-i-change-page.html]
[help.futureproofs.net/article/212-can-i-see-thumbnails-of-all-my-proofs-pages.html]
[help.futureproofs.net/article/207-can-i-return-to-the-page-i-was-just-on.html]
[help.futureproofs.net/article/192-can-i-search-my-proofs-for-words-or-phrases.html]
[help.futureproofs.net/article/206-can-i-bookmark-certain-pages-as-favourites.html]
[help.futureproofs.net/article/208-how-do-i-edit-my-bookmarks.html]
[help.futureproofs.net/article/209-can-i-share-my-teams-bookmarks.html]
[help.futureproofs.net/article/210-can-i-copy-bookmarks-from-one-proof-to-another.html]
[help.futureproofs.net/article/237-can-i-rotate-the-page.html]
[help.futureproofs.net/article/238-can-i-see-two-pages-at-once.html]
[help.futureproofs.net/article/243-how-do-i-see-different-proof-versions.html]
[help.futureproofs.net/category/205-navigating-your-proofs.html]
[help.futureproofs.net/article/235-what-keyboard-shortcuts-can-i-use.html]
[help.futureproofs.net/article/109-things-to-do-before-marking-up-proofs.html]
[help.futureproofs.net/article/110-summary-of-markup-in-futureproofs.html]
[help.futureproofs.net/article/111-finding-the-markup-screen.html]
[help.futureproofs.net/article/115-how-do-i-start-to-mark-up-proofs-in-futureproofs.html]
[help.futureproofs.net/article/195-how-do-i-see-what-the-symbols-in-the-margin-mean.html]
[help.futureproofs.net/article/252-how-do-i-add-markup-to-a-proof.html]
[help.futureproofs.net/article/253-what-markup-is-available-when-i-click.html]
[help.futureproofs.net/article/254-what-markup-is-available-when-i-draw-a-line.html]
[help.futureproofs.net/article/255-what-markup-is-available-when-i-draw-a-loop.html]
[help.futureproofs.net/article/256-how-do-i-use-the-freehand-drawing-tool.html]
[help.futureproofs.net/article/173-how-do-i-mark-changes-in-blue-or-red.html]
[help.futureproofs.net/article/117-how-do-i-select-markup.html]
[help.futureproofs.net/article/119-how-do-i-move-markup.html]
[help.futureproofs.net/article/186-how-do-i-edit-markup.html]
[help.futureproofs.net/article/184-how-do-i-change-the-text-in-my-markup.html]
[help.futureproofs.net/category/108-marking-up-proofs76f0.html]
[help.futureproofs.net/category/108-marking-up-proofs.html]
[help.futureproofs.net/category/108-marking-up-proofs/276f0.html]
[help.futureproofs.net/article/131-things-to-do-before-dealing-with-queries.html]
[help.futureproofs.net/article/132-summary-of-queries-in-futureproofs.html]
[help.futureproofs.net/article/121-how-do-i-raise-a-query-for-another-team-member.html]
[help.futureproofs.net/article/134-how-do-i-find-my-query-inbox.html]
[help.futureproofs.net/article/133-what-does-the-orange-number-in-the-filter-sidebar-mean.html]
[help.futureproofs.net/article/135-how-do-i-view-a-query.html]
[help.futureproofs.net/article/236-what-is-in-the-queries-sidebar.html]
[help.futureproofs.net/article/136-how-do-i-respond-to-a-query.html]
[help.futureproofs.net/article/137-what-does-mark-as-dealt-with-mean.html]
[help.futureproofs.net/article/229-which-queries-can-i-see-on-a-master-proof.html]
[help.futureproofs.net/article/139-daily-digest-emails.html]
[help.futureproofs.net/category/114-dealing-with-queries.html]
[help.futureproofs.net/article/199-how-do-i-stop-getting-query-reminder-emails.html]
[help.futureproofs.net/article/123-things-to-do-before-collating-markup.html]
[help.futureproofs.net/article/124-what-is-a-master-proof.html]
[help.futureproofs.net/article/125-how-do-master-proofs-work-in-futureproofs.html]
[help.futureproofs.net/article/127-how-do-i-view-a-master-proof.html]
[help.futureproofs.net/article/128-how-do-i-view-another-users-markup-in-the-master-proof.html]
[help.futureproofs.net/article/129-how-do-i-copy-another-users-markup-into-the-master.html]
[help.futureproofs.net/article/130-how-do-i-remove-markup-from-the-master.html]
[help.futureproofs.net/article/194-how-can-i-see-who-created-markup.html]
[help.futureproofs.net/category/107-master-proofs.html]
[help.futureproofs.net/article/219-can-i-lock-a-master-proof-to-protect-it-from-changes.html]
[help.futureproofs.net/article/158-things-to-to-before-implementing-corrections.html]
[help.futureproofs.net/article/214-how-do-i-share-a-master-proof-with-a-designer.html]
[help.futureproofs.net/article/215-how-do-i-review-the-corrections-on-the-master-proof.html]
[help.futureproofs.net/article/220-how-do-i-indicate-that-ive-made-a-change-in-designer-mode.html]
[help.futureproofs.net/article/228-can-i-ask-questions-if-anything-isnt-clear-in-the-master-proof.html]
[help.futureproofs.net/article/221-can-i-see-the-changes-that-have-been-marked-as-completed-in-designer-mode.html]
[help.futureproofs.net/article/222-can-i-see-the-progress-of-the-design-team-on-my-proof.html]
[help.futureproofs.net/article/160-how-do-i-generate-a-pdf-to-download.html]
[help.futureproofs.net/article/161-can-i-generate-a-new-pdf-if-the-master-proof-has-changed.html]
[help.futureproofs.net/article/162-how-do-i-download-my-pdf.html]
[help.futureproofs.net/article/163-why-cant-i-see-the-option-to-download-a-pdf.html]
[help.futureproofs.net/article/164-what-will-i-see-in-my-downloaded-pdf.html]
[help.futureproofs.net/article/239-how-can-i-copy-the-text-part-of-markup.html]
[help.futureproofs.net/category/157-reviewing-markup.html]
[help.futureproofs.net/article/242-can-i-see-a-list-of-all-changes-to-a-master-proof.html]
[help.futureproofs.net/article/166-things-to-do-before-comparing-proofs.html]
[help.futureproofs.net/article/167-why-should-i-compare-versions.html]
[help.futureproofs.net/article/168-how-do-i-compare-my-proof-with-a-previous-master.html]
[help.futureproofs.net/article/169-why-does-proofreading-mode-look-different.html]
[help.futureproofs.net/article/170-how-do-i-copy-markup-from-one-version-to-another.html]
[help.futureproofs.net/article/171-how-do-i-move-markup-to-another-page-in-proofreading-mode.html]
[help.futureproofs.net/article/172-why-cant-i-add-new-markup-to-the-left-hand-proof.html]
[help.futureproofs.net/category/165-comparing-proofs.html]
[help.futureproofs.net/article/230-what-if-my-proofs-have-been-restructured.html]
[help.futureproofs.net/category/138-emails.html]
[help.futureproofs.net/article/140-due-date-reminder-emails.html]
[help.futureproofs.net/article/174-why-am-i-here]
[help.futureproofs.net/article/247-0-what-is-futureproofs.html]
[help.futureproofs.net/article/245-1-introducing-markup.html]
[help.futureproofs.net/article/19-who-should-use-futureproofs.html]
[d33v4339jhl8k0.cloudfront.net/docs/assets/52933b0ee4b0865bc066c067/images/561bcb40c697916fa4a83b2d/file-AYK3jaGcgv.png]
[d33v4339jhl8k0.cloudfront.net/docs/assets/52933b0ee4b0865bc066c067/images/54073865e4b0f1ff7f7d13bb/file-iq1K2eVoWu.png]
[help.futureproofs.net/article/22-logging-in.html]
[help.futureproofs.net/article/20-what-does-futureproofs-do]
[help.futureproofs.net/article/9-creating-an-account]
[fast.wistia.com/assets/external/E-v1.js]
[help.futureproofs.net/article/202-how-do-i-enter-maths-in-futureproofs.html]
[help.futureproofs.net/article/142-what-does-mark-proof-as-complete-mean.html]
[help.futureproofs.net/article/223-what-do-i-need-to-do-as-an-author.html]
[help.futureproofs.net/article/226-what-do-i-need-to-do-as-an-editor.html]
[help.futureproofs.net/article/227-what-do-i-need-to-do-as-a-project-manager.html]
[help.futureproofs.net/article/225-what-do-i-need-to-do-as-a-proofreader.html]
[help.futureproofs.net/article/224-what-do-i-need-to-do-as-a-designer.html]
[d33v4339jhl8k0.cloudfront.net/docs/assets/52933b0ee4b0865bc066c067/images/5901f35d2c7d3a057f889ddf/file-WcQiBsjGEv.png]
[help.futureproofs.net/article/102-finding-your-dashboard.html]
[d33v4339jhl8k0.cloudfront.net/docs/assets/52933b0ee4b0865bc066c067/images/561bd8a59033600a7a36d2f5/file-roFzJsUmMP.png]
[d33v4339jhl8k0.cloudfront.net/docs/assets/52933b0ee4b0865bc066c067/images/590303360428634b4a32b10e/file-MTI56BCObg.png]
[d33v4339jhl8k0.cloudfront.net/docs/assets/52933b0ee4b0865bc066c067/images/5903027f0428634b4a32b10a/file-oO9cWWixah.png]
[help.futureproofs.net/article/133-what-is-the-orange-number-next-to-queries.html]
[d33v4339jhl8k0.cloudfront.net/docs/assets/52933b0ee4b0865bc066c067/images/590303982c7d3a057f88a3a6/file-MHVMW6ly3X.png]
[d33v4339jhl8k0.cloudfront.net/docs/assets/52933b0ee4b0865bc066c067/images/5c35fc2f04286304a71e089b/file-SNCjIrumJs.png]
[d33v4339jhl8k0.cloudfront.net/docs/assets/52933b0ee4b0865bc066c067/images/561bda7f9033600a7a36d302/file-inkHuXykjX.png]
[help.futureproofs.net/article/141-whats-on-the-dashboard.html]
[help.futureproofs.net/article/144-which-web-browsers-do-you-support.html]
[d33v4339jhl8k0.cloudfront.net/docs/assets/52933b0ee4b0865bc066c067/images/57dba61fc697913ea646e625/file-2cF4y4jrsn.png]
[d33v4339jhl8k0.cloudfront.net/docs/assets/52933b0ee4b0865bc066c067/images/590247550428634b4a32adb5/file-RpwHTloUeh.png]
[help.futureproofs.net/article/232-what-screen-size-do-i-need.html]
[help.futureproofs.net/article/246-2-work-with-markup.html]
[help.futureproofs.net/article/248-3-measuring-success.html]
[help.futureproofs.net/article/249-4-create-and-manage-queries.html]
[help.futureproofs.net/article/250-video-5-working-with-master-proofs.html]
[help.futureproofs.net/article/251-video-6-reviewing-master-proofs-and-implementing-corrections.html]
[fast.wistia.com/embed/medias/x4kq89asce/swatch.jpg]
[d33v4339jhl8k0.cloudfront.net/docs/assets/52933b0ee4b0865bc066c067/images/57a07126903360293603bdf3/file-pyx2sa6Wyj.png]
[d33v4339jhl8k0.cloudfront.net/docs/assets/52933b0ee4b0865bc066c067/images/5694dfedc69791436155dd0b/file-D77nNeGAha.png]
[d33v4339jhl8k0.cloudfront.net/docs/assets/52933b0ee4b0865bc066c067/images/5694e02c9033603f7da2ff85/file-8IGMwAy1zd.png]
[help.futureproofs.net/article/177-how-do-i-change-my-registered-email-address.html]
[help.futureproofs.net/article/178-how-do-i-change-the-name-futureproofs-calls-me.html]
[d33v4339jhl8k0.cloudfront.net/docs/assets/52933b0ee4b0865bc066c067/images/5694e0429033603f7da2ff87/file-DqX7i9rGud.png]
[d33v4339jhl8k0.cloudfront.net/docs/assets/52933b0ee4b0865bc066c067/images/541ac7bce4b0e7b8127bf197/file-Vv6o6rhlQ9.png]
[d33v4339jhl8k0.cloudfront.net/docs/assets/52933b0ee4b0865bc066c067/images/541ac7d5e4b099def9b55719/file-Kp3Gn7jFV6.png]
[help.futureproofs.net/article/179-how-do-i-change-my-password.html]
[d33v4339jhl8k0.cloudfront.net/docs/assets/52933b0ee4b0865bc066c067/images/5433e861e4b022cfad6cbb57/file-gpHuPMgDbe.png]
[d33v4339jhl8k0.cloudfront.net/docs/assets/52933b0ee4b0865bc066c067/images/5433e8a0e4b022cfad6cbb59/file-uoUcDWFLxE.png]
[help.futureproofs.net/article/180-what-if-i-forget-my-password.html]
[help.futureproofs.net/article/21-summary-of-the-futureproofs-workflow.html]
[d33v4339jhl8k0.cloudfront.net/docs/assets/52933b0ee4b0865bc066c067/images/5433e933e4b0f854fb9f7e30/file-BoObetohl6.png]
[d33v4339jhl8k0.cloudfront.net/docs/assets/52933b0ee4b0865bc066c067/images/5694e263c69791436155dd1d/file-WYwmwzFmOz.png]
[d33v4339jhl8k0.cloudfront.net/docs/assets/52933b0ee4b0865bc066c067/images/58176e80c697915f88a3ae93/file-RAV5oD7Mo9.png]
[d33v4339jhl8k0.cloudfront.net/docs/assets/52933b0ee4b0865bc066c067/images/58176e8cc697915f88a3ae94/file-baueYf0bUv.png]
[help.futureproofs.net/article/24-how-do-i-create-a-publisher-account.html]
[d33v4339jhl8k0.cloudfront.net/docs/assets/52933b0ee4b0865bc066c067/images/5694d6dfc69791436155dcc3/file-zEowZoF8bp.jpg]
[d33v4339jhl8k0.cloudfront.net/docs/assets/52933b0ee4b0865bc066c067/images/56263327c69791452ed4d316/file-Ge4LMHNd4f.png]
[help.futureproofs.net/article/25-how-do-i-invite-people-to-join-my-publisher-account.html]
[d33v4339jhl8k0.cloudfront.net/docs/assets/52933b0ee4b0865bc066c067/images/563cceba90336002f86db75b/file-5BNYr6V5GX.png]
[d33v4339jhl8k0.cloudfront.net/docs/assets/52933b0ee4b0865bc066c067/images/5694e72e9033603f7da2ff9a/file-YmxYJd8nAG.png]
[d33v4339jhl8k0.cloudfront.net/docs/assets/52933b0ee4b0865bc066c067/images/552bd4cfe4b02f603f6871bf/file-rDbJujKhhP.png]
[help.futureproofs.net/article/183-how-do-i-leave-a-publisher-account.html]
[d33v4339jhl8k0.cloudfront.net/docs/assets/52933b0ee4b0865bc066c067/images/552bd4e9e4b02f603f6871c0/file-iYUGKcTsZZ.png]
[help.futureproofs.net/article/154-what-is-the-difference-between-an-owner-and-an-admin-in-a-company.html]
[d33v4339jhl8k0.cloudfront.net/docs/assets/52933b0ee4b0865bc066c067/images/5694e0de9033603f7da2ff90/file-g2u4RJkVXI.png]
[help.futureproofs.net/article/155-how-do-i-know-who-has-access-to-my-publisher.html]
[d33v4339jhl8k0.cloudfront.net/docs/assets/52933b0ee4b0865bc066c067/images/5620ccae903360610fc68c41/file-b8IUMg0D0m.png]
[help.futureproofs.net/article/154-what-is-the-difference-between-the-owner-and-admin-of-a-publisher-account.html]
[help.futureproofs.net/article/23-why-cant-i-create-a-project.html]
[help.futureproofs.net/article/156-how-do-i-change-someones-role-in-my-publisher.html]
[d33v4339jhl8k0.cloudfront.net/docs/assets/52933b0ee4b0865bc066c067/images/5694e0fcc69791436155dd19/file-RjziHM6iK2.png]
[help.futureproofs.net/article/204-what-is-the-time-zone-setting-for.html]
[d33v4339jhl8k0.cloudfront.net/docs/assets/52933b0ee4b0865bc066c067/images/5665964fc697915b26a5da9c/file-RVSHan7WWq.png]
[help.futureproofs.net/article/26-things-to-do-before-creating-a-project.html]
[help.futureproofs.net/article/27-summary-of-projects-in-futureproofs.html]
[d33v4339jhl8k0.cloudfront.net/docs/assets/52933b0ee4b0865bc066c067/images/56201441903360610fc68a79/file-0G0ByOvXwI.png]
[help.futureproofs.net/article/29-adding-a-new-project.html]
[help.futureproofs.net/article/153-what-are-the-maximum-file-sizes.html]
[help.futureproofs.net/article/30-things-to-do-before-editing-a-project.html]
[d33v4339jhl8k0.cloudfront.net/docs/assets/52933b0ee4b0865bc066c067/images/5c35febb04286304a71e08b4/file-TXGhmOaZZC.png]
[d33v4339jhl8k0.cloudfront.net/docs/assets/52933b0ee4b0865bc066c067/images/5901f4220428634b4a32ab63/file-LB54yFk27N.png]
[d33v4339jhl8k0.cloudfront.net/docs/assets/52933b0ee4b0865bc066c067/images/562015d2903360610fc68a8b/file-AfYAKcxYjE.png]
[d33v4339jhl8k0.cloudfront.net/docs/assets/52933b0ee4b0865bc066c067/images/57879647c697912dee72af84/file-jI1YeWSyJf.png]
[help.futureproofs.net/article/154-what-is-the-difference-between-an-owner-and-an-admin-in-a-publisher.html]
[help.futureproofs.net/article/31-finding-your-project-page.html]
[help.futureproofs.net/article/32-project-name-isbn-and-target-publication-date.html]
[help.futureproofs.net/article/33-projects-cover-image.html]
[d33v4339jhl8k0.cloudfront.net/docs/assets/52933b0ee4b0865bc066c067/images/5c3600462c7d3a31944fd5f2/file-wzv1E9f8H0.png]
[help.futureproofs.net/article/175-how-do-i-change-the-project-details.html]
[d33v4339jhl8k0.cloudfront.net/docs/assets/52933b0ee4b0865bc066c067/images/5c36006904286304a71e08c9/file-C3Nvuixqwi.png]
[d33v4339jhl8k0.cloudfront.net/docs/assets/52933b0ee4b0865bc066c067/images/5620182ac69791452ed4c2e6/file-o8ibZL8kys.png]
[d33v4339jhl8k0.cloudfront.net/docs/assets/52933b0ee4b0865bc066c067/images/5628ca2fc69791452ed4df59/file-JRVUKSgun6.png]
[help.futureproofs.net/article/34-inviting-people-to-work-on-your-project.html]
[d33v4339jhl8k0.cloudfront.net/docs/assets/52933b0ee4b0865bc066c067/images/56201969c69791452ed4c2ec/file-ADOhFKt21d.png]
[d33v4339jhl8k0.cloudfront.net/docs/assets/52933b0ee4b0865bc066c067/images/5620c9bbc69791452ed4c49b/file-fCdcBRprfQ.png]
[d33v4339jhl8k0.cloudfront.net/docs/assets/52933b0ee4b0865bc066c067/images/5620ca05903360610fc68c35/file-rdpaW9NYyo.png]
[help.futureproofs.net/article/105-how-do-i-change-someones-role-on-my-project.html]
[d33v4339jhl8k0.cloudfront.net/docs/assets/52933b0ee4b0865bc066c067/images/541abfdee4b0e7b8127bf188/file-AEniUshkAF.png]
[help.futureproofs.net/article/35-removing-people-from-your-project.html]
[help.futureproofs.net/article/143-how-can-i-tell-whether-my-team-has-finished-working-on-a-proof.html]
[help.futureproofs.net/article/145-what-are-user-roles.html]
[help.futureproofs.net/article/150-how-do-i-limit-a-team-members-access-to-data-or-features.html]
[d33v4339jhl8k0.cloudfront.net/docs/assets/52933b0ee4b0865bc066c067/images/57dba90dc697913ea646e646/file-KIWi2qpmnM.png]
[d33v4339jhl8k0.cloudfront.net/docs/assets/52933b0ee4b0865bc066c067/images/5787969c903360751e722bc0/file-5x6FiXCZJx.png]
[d33v4339jhl8k0.cloudfront.net/docs/assets/52933b0ee4b0865bc066c067/images/5620cbc0903360610fc68c3b/file-jo8YomF9Zx.png]
[help.futureproofs.net/article/188-how-do-i-change-how-often-query-reminder-emails-are-sent.html]
[d33v4339jhl8k0.cloudfront.net/docs/assets/52933b0ee4b0865bc066c067/images/5901f5f52c7d3a057f889e02/file-kZ2GPCnaFE.png]
[help.futureproofs.net/article/196-can-i-remove-projects-from-my-dashboard.html]
[help.futureproofs.net/article/197-how-do-i-see-a-project-thats-been-archived.html]
[help.futureproofs.net/article/159-things-to-do-before-building-a-team.html]
[d33v4339jhl8k0.cloudfront.net/docs/assets/52933b0ee4b0865bc066c067/images/56f27126c6979146245e0318/file-CSrZzAlNDw.jpg]
[help.futureproofs.net/article/146-what-can-the-project-owner-do.html]
[help.futureproofs.net/article/147-what-can-a-proofreader-do.html]
[help.futureproofs.net/article/213-what-can-a-designer-do.html]
[help.futureproofs.net/article/148-what-can-an-author-do.html]
[help.futureproofs.net/article/152-why-cant-i-change-my-own-role-on-a-project.html]
[d33v4339jhl8k0.cloudfront.net/docs/assets/52933b0ee4b0865bc066c067/images/5620cc2d903360610fc68c3e/file-0caAd78lDC.png]
[help.futureproofs.net/article/190-what-is-a-failed-invitation.html]
[d33v4339jhl8k0.cloudfront.net/docs/assets/52933b0ee4b0865bc066c067/images/599add85042863033a1c26aa/file-yXcEQTCWFJ.png]
[help.futureproofs.net/article/240-how-do-i-remove-someone-from-my-project-team.html]
[help.futureproofs.net/article/37-things-to-do-before-uploading-proofs.html]
[help.futureproofs.net/article/38-summary-of-proofs-in-futureproofs.html]
[d33v4339jhl8k0.cloudfront.net/docs/assets/52933b0ee4b0865bc066c067/images/599ade132c7d3a73488c29af/file-ZtLq10FMy7.png]
[d33v4339jhl8k0.cloudfront.net/docs/assets/52933b0ee4b0865bc066c067/images/5694d7d59033603f7da2ff50/file-uMPV01ONBG.png]
[d33v4339jhl8k0.cloudfront.net/docs/assets/52933b0ee4b0865bc066c067/images/5620cddec69791452ed4c4b2/file-kEjcvSliWD.png]
[help.futureproofs.net/article/39-uploading-proofs.html]
[d33v4339jhl8k0.cloudfront.net/docs/assets/52933b0ee4b0865bc066c067/images/5329cd60e4b04832f276d0ea/file-7K3UXvfGWj.png]
[d33v4339jhl8k0.cloudfront.net/docs/assets/52933b0ee4b0865bc066c067/images/56210434c69791452ed4c56e/file-Xc1H5Tt3vs.png]
[help.futureproofs.net/article/106-how-do-i-change-the-name-of-my-proof.html]
[d33v4339jhl8k0.cloudfront.net/docs/assets/52933b0ee4b0865bc066c067/images/5621047ec69791452ed4c56f/file-4bhTvbeSfx.png]
[help.futureproofs.net/article/40-letting-your-team-know-about-new-proofs.html]
[d33v4339jhl8k0.cloudfront.net/docs/assets/52933b0ee4b0865bc066c067/images/540737cfe4b0f1ff7f7d13b9/file-kHGoIPx9NN.png]
[d33v4339jhl8k0.cloudfront.net/docs/assets/52933b0ee4b0865bc066c067/images/55b10166e4b0b0593824f1a2/file-gjMwi3y3tK.png]
[d33v4339jhl8k0.cloudfront.net/docs/assets/52933b0ee4b0865bc066c067/images/55b1018ee4b03e788eda5a52/file-xveXMIfMVD.png]
[d33v4339jhl8k0.cloudfront.net/docs/assets/52933b0ee4b0865bc066c067/images/55b101cde4b03e788eda5a56/file-LLTX805kzd.png]
[d33v4339jhl8k0.cloudfront.net/docs/assets/52933b0ee4b0865bc066c067/images/55b10263e4b0b0593824f1a9/file-5akeVzRLum.png]
[d33v4339jhl8k0.cloudfront.net/docs/assets/52933b0ee4b0865bc066c067/images/55b1029ce4b03e788eda5a60/file-EgnCUxCYca.png]
[d33v4339jhl8k0.cloudfront.net/docs/assets/52933b0ee4b0865bc066c067/images/55b102e0e4b03e788eda5a64/file-tXIeHDeB0a.png]
[help.futureproofs.net/article/187-how-do-i-change-the-markup-language-used-on-my-proofs.html]
[help.futureproofs.net/article/41-setting-deadlines-for-proofs.html]
[d33v4339jhl8k0.cloudfront.net/docs/assets/52933b0ee4b0865bc066c067/images/56201626903360610fc68a8c/file-M8wlSqiuqS.png]
[d33v4339jhl8k0.cloudfront.net/docs/assets/52933b0ee4b0865bc066c067/images/559e8f12e4b03e788eda1da3/file-D4IJ8PwktB.png]
[d33v4339jhl8k0.cloudfront.net/docs/assets/52933b0ee4b0865bc066c067/images/559e9010e4b0b0593824b49a/file-A8y2OFtonm.png]
[d33v4339jhl8k0.cloudfront.net/docs/assets/52933b0ee4b0865bc066c067/images/559e9078e4b0b0593824b49c/file-RGXw4euPRk.png]
[help.futureproofs.net/article/185-why-wont-my-pdf-upload.html]
[d33v4339jhl8k0.cloudfront.net/docs/assets/52933b0ee4b0865bc066c067/images/5694df339033603f7da2ff80/file-SCd6enCzwI.png]
[d33v4339jhl8k0.cloudfront.net/docs/assets/52933b0ee4b0865bc066c067/images/564b39b890336002f86de3a5/file-8ymKPERZga.png]
[help.futureproofs.net/article/198-can-i-set-a-proof-to-done-for-someone-else-on-my-team.html]
[d33v4339jhl8k0.cloudfront.net/docs/assets/52933b0ee4b0865bc066c067/images/564da7ca90336002f86defb7/file-cyT40aleTh.png]
[help.futureproofs.net/article/200-can-i-delete-a-proof.html]
[d33v4339jhl8k0.cloudfront.net/docs/assets/52933b0ee4b0865bc066c067/images/564da84f90336002f86defba/file-WkJ6Wnp8mZ.png]
[help.futureproofs.net/article/112-the-markup-toolbar.html]
[help.futureproofs.net/article/234-how-do-i-move-around-a-proof-page.html]
[d33v4339jhl8k0.cloudfront.net/docs/assets/52933b0ee4b0865bc066c067/images/58245511c697916f5d04e578/file-KBJoFuszWV.png]
[help.futureproofs.net/article/211-how-do-i-change-page.html]
[d33v4339jhl8k0.cloudfront.net/docs/assets/52933b0ee4b0865bc066c067/images/56e19cc690336026d8716d72/file-GVTJVYkLAh.png]
[d33v4339jhl8k0.cloudfront.net/docs/assets/52933b0ee4b0865bc066c067/images/56e1a069c69791147146096f/file-ffiPSz2TMx.png]
[d33v4339jhl8k0.cloudfront.net/docs/assets/52933b0ee4b0865bc066c067/images/56e1a0cbc697911471460973/file-sc6X9M51NA.png]
[help.futureproofs.net/article/212-can-i-see-thumbnails-of-all-my-proofs-pages.html]
[help.futureproofs.net/article/207-can-i-return-to-the-page-i-was-just-on.html]
[d33v4339jhl8k0.cloudfront.net/docs/assets/52933b0ee4b0865bc066c067/images/5703a201c697911da520f870/file-d0suxe9yT3.png]
[d33v4339jhl8k0.cloudfront.net/docs/assets/52933b0ee4b0865bc066c067/images/5703a226c697911da520f871/file-qA25hmiZul.png]
[d33v4339jhl8k0.cloudfront.net/docs/assets/52933b0ee4b0865bc066c067/images/5703a2fdc697911da520f878/file-VagP4gaqLV.png]
[help.futureproofs.net/article/192-can-i-search-my-proofs-for-words-or-phrases.html]
[d33v4339jhl8k0.cloudfront.net/docs/assets/52933b0ee4b0865bc066c067/images/5703a3dac697911da520f87b/file-kpb7vH1JnW.png]
[d33v4339jhl8k0.cloudfront.net/docs/assets/52933b0ee4b0865bc066c067/images/56e19b70c69791147146093a/file-5lCKli8xrv.png]
[d33v4339jhl8k0.cloudfront.net/docs/assets/52933b0ee4b0865bc066c067/images/56e19bba90336026d8716d6b/file-0AGle9xRT6.png]
[d33v4339jhl8k0.cloudfront.net/docs/assets/52933b0ee4b0865bc066c067/images/56e19c1e90336026d8716d6d/file-ImR5AxLm05.png]
[help.futureproofs.net/article/206-can-i-bookmark-certain-pages-as-favourites.html]
[d33v4339jhl8k0.cloudfront.net/docs/assets/52933b0ee4b0865bc066c067/images/56e19d8690336026d8716d7c/file-EHmqW6KoXg.png]
[help.futureproofs.net/article/208-how-do-i-edit-my-bookmarks.html]
[d33v4339jhl8k0.cloudfront.net/docs/assets/52933b0ee4b0865bc066c067/images/56e19e42c697911471460957/file-5D5hScfND3.png]
[help.futureproofs.net/article/209-can-i-share-my-teams-bookmarks.html]
[help.futureproofs.net/article/210-can-i-copy-bookmarks-from-one-proof-to-another.html]
[d33v4339jhl8k0.cloudfront.net/docs/assets/52933b0ee4b0865bc066c067/images/56e19eb2c69791147146095e/file-3imuVafyFN.png]
[d33v4339jhl8k0.cloudfront.net/docs/assets/52933b0ee4b0865bc066c067/images/58ab0c1add8c8e56bfa7d79d/file-qB4PxHBr9o.png]
[help.futureproofs.net/article/237-can-i-rotate-the-page.html]
[d33v4339jhl8k0.cloudfront.net/docs/assets/52933b0ee4b0865bc066c067/images/58d9196b2c7d3a52b42ef388/file-opBINeO86d.png]
[d33v4339jhl8k0.cloudfront.net/docs/assets/52933b0ee4b0865bc066c067/images/58d91bb02c7d3a52b42ef3b4/file-ezG9Qi8QEJ.png]
[help.futureproofs.net/article/238-can-i-see-two-pages-at-once.html]
[d33v4339jhl8k0.cloudfront.net/docs/assets/52933b0ee4b0865bc066c067/images/58d91b442c7d3a52b42ef3ad/file-1i4HpG1c2M.png]
[d33v4339jhl8k0.cloudfront.net/docs/assets/52933b0ee4b0865bc066c067/images/59ccf9062c7d3a73488d3b1a/file-w3oxHNT3St.png]
[d33v4339jhl8k0.cloudfront.net/docs/assets/52933b0ee4b0865bc066c067/images/59ccf9102c7d3a73488d3b1c/file-xJQotTtfmZ.png]
[help.futureproofs.net/article/243-how-do-i-see-different-proof-versions.html]
[help.futureproofs.net/article/235-what-keyboard-shortcuts-can-i-use.html]
[help.futureproofs.net/article/109-things-to-do-before-marking-up-proofs.html]
[help.futureproofs.net/article/110-summary-of-markup-in-futureproofs.html]
[d33v4339jhl8k0.cloudfront.net/docs/assets/52933b0ee4b0865bc066c067/images/5de11dfd04286364bc925515/file-dgY4ngnmon.png]
[d33v4339jhl8k0.cloudfront.net/docs/assets/52933b0ee4b0865bc066c067/images/561bd79dc697916fa4a83b69/file-4L9IcVPaA9.png]
[help.futureproofs.net/article/111-finding-the-markup-screen.html]
[help.futureproofs.net/article/115-how-do-i-start-to-mark-up-proofs-in-futureproofs.html]
[d33v4339jhl8k0.cloudfront.net/docs/assets/52933b0ee4b0865bc066c067/images/562636cf903360610fc69bcb/file-VepNZrObci.png]
[d33v4339jhl8k0.cloudfront.net/docs/assets/52933b0ee4b0865bc066c067/images/5639fbf0c697910ae05f0e0b/file-rzCCSNrmd8.png]
[help.futureproofs.net/article/195-how-do-i-see-what-the-symbols-in-the-margin-mean.html]
[help.futureproofs.net/article/252-how-do-i-add-markup-to-a-proof.html]
[d33v4339jhl8k0.cloudfront.net/docs/assets/52933b0ee4b0865bc066c067/images/5639fd2ac697910ae05f0e12/file-YkBbwzHUab.png]
[d33v4339jhl8k0.cloudfront.net/docs/assets/52933b0ee4b0865bc066c067/images/5c3f5da104286304a71e4873/file-h1WUDiS5Hv.png]
[d33v4339jhl8k0.cloudfront.net/docs/assets/52933b0ee4b0865bc066c067/images/599ade932c7d3a73488c29b6/file-aUhGRfE361.png]
[d33v4339jhl8k0.cloudfront.net/docs/assets/52933b0ee4b0865bc066c067/images/54d88d66e4b086c0c0965ccb/file-1GTgqqnBMv.png]
[d33v4339jhl8k0.cloudfront.net/docs/assets/52933b0ee4b0865bc066c067/images/54d88d70e4b086c0c0965ccc/file-jMBKbFC7vQ.png]
[d33v4339jhl8k0.cloudfront.net/docs/assets/52933b0ee4b0865bc066c067/images/582446e9c697916f5d04e506/file-7ttE6OZrbr.png]
[d33v4339jhl8k0.cloudfront.net/docs/assets/52933b0ee4b0865bc066c067/images/54d88e98e4b086c0c0965cd1/file-K2fLYfpRD9.png]
[d33v4339jhl8k0.cloudfront.net/docs/assets/52933b0ee4b0865bc066c067/images/54d88f1ae4b034c37ea8e191/file-7hVHj8c3DG.png]
[d33v4339jhl8k0.cloudfront.net/docs/assets/52933b0ee4b0865bc066c067/images/58244709903360645bfa1d87/file-2EERy4wj6T.png]
[d33v4339jhl8k0.cloudfront.net/docs/assets/52933b0ee4b0865bc066c067/images/5c3f60c304286304a71e48aa/file-e4dNzvQS5L.png]
[d33v4339jhl8k0.cloudfront.net/docs/assets/52933b0ee4b0865bc066c067/images/5c3f60ee2c7d3a31945018f1/file-8KlHDuAhzd.png]
[d33v4339jhl8k0.cloudfront.net/docs/assets/52933b0ee4b0865bc066c067/images/5c3f603c04286304a71e48a2/file-flpJfk2mgn.png]
[d33v4339jhl8k0.cloudfront.net/docs/assets/52933b0ee4b0865bc066c067/images/5c3f606004286304a71e48a6/file-T6fYt0X7Em.png]
[d33v4339jhl8k0.cloudfront.net/docs/assets/52933b0ee4b0865bc066c067/images/5824477ec697916f5d04e50e/file-Z4bVq0bo5n.png]
[d33v4339jhl8k0.cloudfront.net/docs/assets/52933b0ee4b0865bc066c067/images/5c3f608a04286304a71e48a7/file-FtNHPC8QZm.png]
[d33v4339jhl8k0.cloudfront.net/docs/assets/52933b0ee4b0865bc066c067/images/5c3f62d72c7d3a3194501913/file-YNWHIfwy6T.png]
[d33v4339jhl8k0.cloudfront.net/docs/assets/52933b0ee4b0865bc066c067/images/54d88e24e4b086c0c0965ccd/file-Gh38fvMKNV.png]
[d33v4339jhl8k0.cloudfront.net/docs/assets/52933b0ee4b0865bc066c067/images/54d88e3de4b034c37ea8e18d/file-KloLuQya3Z.png]
[d33v4339jhl8k0.cloudfront.net/docs/assets/52933b0ee4b0865bc066c067/images/5c3f64852c7d3a3194501925/file-MyX2NY0roY.png]
[d33v4339jhl8k0.cloudfront.net/docs/assets/52933b0ee4b0865bc066c067/images/5c3f64bd2c7d3a3194501927/file-ikFVTSw9wM.png]
[d33v4339jhl8k0.cloudfront.net/docs/assets/52933b0ee4b0865bc066c067/images/5c3f64e404286304a71e48de/file-OgRbRdkoKr.png]
[d33v4339jhl8k0.cloudfront.net/docs/assets/52933b0ee4b0865bc066c067/images/5c3f650804286304a71e48e1/file-sXvKZ6JYwn.png]
[d33v4339jhl8k0.cloudfront.net/docs/assets/52933b0ee4b0865bc066c067/images/5c3f65332c7d3a319450192f/file-qsMdbPrPFt.png]
[d33v4339jhl8k0.cloudfront.net/docs/assets/52933b0ee4b0865bc066c067/images/5c3f65512c7d3a3194501931/file-bVJD4CTZeD.png]
[d33v4339jhl8k0.cloudfront.net/docs/assets/52933b0ee4b0865bc066c067/images/5c3f65732c7d3a3194501937/file-lQAVf6x5ZL.png]
[d33v4339jhl8k0.cloudfront.net/docs/assets/52933b0ee4b0865bc066c067/images/5c3f659404286304a71e48ea/file-8USxLsG0IQ.png]
[d33v4339jhl8k0.cloudfront.net/docs/assets/52933b0ee4b0865bc066c067/images/5c3f65b504286304a71e48ec/file-KjiVrDlMdJ.png]
[d33v4339jhl8k0.cloudfront.net/docs/assets/52933b0ee4b0865bc066c067/images/5c3f66052c7d3a3194501940/file-2YXmfziVkY.png]
[d33v4339jhl8k0.cloudfront.net/docs/assets/52933b0ee4b0865bc066c067/images/5c3f66282c7d3a3194501941/file-Q6xnceDPDc.png]
[d33v4339jhl8k0.cloudfront.net/docs/assets/52933b0ee4b0865bc066c067/images/5c3f664f2c7d3a3194501946/file-WBOMl1TBPM.png]
[d33v4339jhl8k0.cloudfront.net/docs/assets/52933b0ee4b0865bc066c067/images/54d88dd0e4b034c37ea8e18b/file-nD0Nti3VoO.png]
[d33v4339jhl8k0.cloudfront.net/docs/assets/52933b0ee4b0865bc066c067/images/5c3f670304286304a71e48f8/file-IMnFszfqlR.png]
[d33v4339jhl8k0.cloudfront.net/docs/assets/52933b0ee4b0865bc066c067/images/551a707fe4b0221aadf242cc/file-wJ2iUG1WZe.png]
[d33v4339jhl8k0.cloudfront.net/docs/assets/52933b0ee4b0865bc066c067/images/5c3f61db2c7d3a31945018ff/file-lpG6FmOVCf.png]
[help.futureproofs.net/article/253-what-markup-is-available-when-i-click.html]
[d33v4339jhl8k0.cloudfront.net/docs/assets/52933b0ee4b0865bc066c067/images/53344ab9e4b09045db8e7fe4/file-D9hhWhwumH.png]
[d33v4339jhl8k0.cloudfront.net/docs/assets/52933b0ee4b0865bc066c067/images/5811bf6b9033604deb0eb6e2/file-5LurG18RL0.png]
[d33v4339jhl8k0.cloudfront.net/docs/assets/52933b0ee4b0865bc066c067/images/533a8a3ee4b09045db8e82e9/file-d0jWsp5kAK.png]
[d33v4339jhl8k0.cloudfront.net/docs/assets/52933b0ee4b0865bc066c067/images/55094ce9e4b035cd838e23cb/file-mluVqeWm9L.png]
[d33v4339jhl8k0.cloudfront.net/docs/assets/52933b0ee4b0865bc066c067/images/533a8b0ee4b0cf4cd65804b5/file-HcnkZY3sBN.png]
[d33v4339jhl8k0.cloudfront.net/docs/assets/52933b0ee4b0865bc066c067/images/533a8b1be4b0cf4cd65804b6/file-CSxJAUB2DV.png]
[help.futureproofs.net/article/193-how-do-i-attach-a-file-to-my-markup.html]
[d33v4339jhl8k0.cloudfront.net/docs/assets/52933b0ee4b0865bc066c067/images/55094d72e4b035cd838e23cc/file-AWrmiW9e0a.png]
[d33v4339jhl8k0.cloudfront.net/docs/assets/52933b0ee4b0865bc066c067/images/533a8bb7e4b0cf4cd65804b7/file-mBXS19SAsi.png]
[d33v4339jhl8k0.cloudfront.net/docs/assets/52933b0ee4b0865bc066c067/images/54009fd5e4b003be53bdcaec/file-ikcBZggcZX.png]
[d33v4339jhl8k0.cloudfront.net/docs/assets/52933b0ee4b0865bc066c067/images/533a8d3be4b0cf4cd65804b8/file-hVJPP34mXA.png]
[d33v4339jhl8k0.cloudfront.net/docs/assets/52933b0ee4b0865bc066c067/images/533a8d45e4b09045db8e82ea/file-JJBDSxBnOM.png]
[d33v4339jhl8k0.cloudfront.net/docs/assets/52933b0ee4b0865bc066c067/images/54d88fffe4b086c0c0965cd5/file-ZHWSS2yAxL.png]
[d33v4339jhl8k0.cloudfront.net/docs/assets/52933b0ee4b0865bc066c067/images/5811c2429033604deb0eb6fd/file-Lbw8vJifvV.png]
[d33v4339jhl8k0.cloudfront.net/docs/assets/52933b0ee4b0865bc066c067/images/58244848903360645bfa1d8f/file-AV7Wk3Czd6.png]
[d33v4339jhl8k0.cloudfront.net/docs/assets/52933b0ee4b0865bc066c067/images/5824487a903360645bfa1d90/file-8sKsfJCvwz.png]
[d33v4339jhl8k0.cloudfront.net/docs/assets/52933b0ee4b0865bc066c067/images/5811c3f99033604deb0eb704/file-urQOX5QM0X.png]
[d33v4339jhl8k0.cloudfront.net/docs/assets/52933b0ee4b0865bc066c067/images/54d8909de4b034c37ea8e196/file-DwBB9WLVks.png]
[d33v4339jhl8k0.cloudfront.net/docs/assets/52933b0ee4b0865bc066c067/images/54d890a8e4b034c37ea8e197/file-SD1liDY6EL.png]
[d33v4339jhl8k0.cloudfront.net/docs/assets/52933b0ee4b0865bc066c067/images/54e71d62e4b034c37ea909c1/file-jQaxzKCyga.png]
[d33v4339jhl8k0.cloudfront.net/docs/assets/52933b0ee4b0865bc066c067/images/54e71d9ee4b086c0c09685a2/file-gHXC2RjJjj.png]
[d33v4339jhl8k0.cloudfront.net/docs/assets/52933b0ee4b0865bc066c067/images/5400a048e4b019254d1ec042/file-vpQiglBX6p.png]
[help.futureproofs.net/article/254-what-markup-is-available-when-i-draw-a-line.html]
[d33v4339jhl8k0.cloudfront.net/docs/assets/52933b0ee4b0865bc066c067/images/5811c2769033604deb0eb6ff/file-q2EpL9YtOb.png]
[d33v4339jhl8k0.cloudfront.net/docs/assets/52933b0ee4b0865bc066c067/images/5787a648c697912dee72b04a/file-P5bLtx4N33.png]
[d33v4339jhl8k0.cloudfront.net/docs/assets/52933b0ee4b0865bc066c067/images/5509587ee4b0c5901016b607/file-2IlAd4J256.png]
[d33v4339jhl8k0.cloudfront.net/docs/assets/52933b0ee4b0865bc066c067/images/54e71e5be4b034c37ea909c4/file-IoYloqi722.png]
[d33v4339jhl8k0.cloudfront.net/docs/assets/52933b0ee4b0865bc066c067/images/54e71e23e4b034c37ea909c2/file-p5oB4ahqRg.png]
[d33v4339jhl8k0.cloudfront.net/docs/assets/52933b0ee4b0865bc066c067/images/564b36cdc697910ae05f43e5/file-N8L7o2lDUr.png]
[help.futureproofs.net/article/255-what-markup-is-available-when-i-draw-a-loop.html]
[d33v4339jhl8k0.cloudfront.net/docs/assets/52933b0ee4b0865bc066c067/images/533a8ffde4b09045db8e82ed/file-jbZSWWNXh1.png]
[d33v4339jhl8k0.cloudfront.net/docs/assets/52933b0ee4b0865bc066c067/images/550954ede4b0c5901016b5f6/file-2zGKGBP0ll.png]
[d33v4339jhl8k0.cloudfront.net/docs/assets/52933b0ee4b0865bc066c067/images/5509550fe4b035cd838e23d9/file-3QMfqjvhJP.png]
[d33v4339jhl8k0.cloudfront.net/docs/assets/52933b0ee4b0865bc066c067/images/5787a765903360751e722c8e/file-OOqOYXIdJr.png]
[d33v4339jhl8k0.cloudfront.net/docs/assets/52933b0ee4b0865bc066c067/images/550955ede4b0c5901016b5fa/file-GsAwPgG70O.png]
[help.futureproofs.net/article/256-how-do-i-use-the-freehand-drawing-tool.html]
[d33v4339jhl8k0.cloudfront.net/docs/assets/52933b0ee4b0865bc066c067/images/551a7144e4b0221aadf242d1/file-G4qTk9KNTJ.png]
[help.futureproofs.net/article/173-how-do-i-mark-changes-in-blue-or-red.html]
[d33v4339jhl8k0.cloudfront.net/docs/assets/52933b0ee4b0865bc066c067/images/551a716ce4b0221aadf242d2/file-2TqVYrW4OS.png]
[help.futureproofs.net/article/117-how-do-i-select-markup.html]
[help.futureproofs.net/article/119-how-do-i-move-markup.html]
[d33v4339jhl8k0.cloudfront.net/docs/assets/52933b0ee4b0865bc066c067/images/54073319e4b0f1ff7f7d1395/file-ssXXZ4iJBh.png]
[d33v4339jhl8k0.cloudfront.net/docs/assets/52933b0ee4b0865bc066c067/images/559f7d38e4b0b0593824b79e/file-YSPYq36UFs.png]
[d33v4339jhl8k0.cloudfront.net/docs/assets/52933b0ee4b0865bc066c067/images/559f7e15e4b0b0593824b79f/file-FgOB6ySfUT.png]
[d33v4339jhl8k0.cloudfront.net/docs/assets/52933b0ee4b0865bc066c067/images/55af4963e4b0b0593824e9a7/file-pq7mmau42O.png]
[help.futureproofs.net/article/181-how-do-i-change-the-colour-of-a-mark.html]
[d33v4339jhl8k0.cloudfront.net/docs/assets/52933b0ee4b0865bc066c067/images/55af49dee4b0b0593824e9ab/file-c9uqO31lhe.png]
[d33v4339jhl8k0.cloudfront.net/docs/assets/52933b0ee4b0865bc066c067/images/559f7edde4b03e788eda20a5/file-qB0clcLyzV.png]
[help.futureproofs.net/article/118-how-do-i-delete-markup.html]
[d33v4339jhl8k0.cloudfront.net/docs/assets/52933b0ee4b0865bc066c067/images/559f7f66e4b0b0593824b7a0/file-Gyt1CTiYeU.png]
[d33v4339jhl8k0.cloudfront.net/docs/assets/52933b0ee4b0865bc066c067/images/559f7fc9e4b0b0593824b7a2/file-HbCiZgMs8y.png]
[d33v4339jhl8k0.cloudfront.net/docs/assets/52933b0ee4b0865bc066c067/images/55af4b1ce4b03e788eda527d/file-gcRf1MJiIL.png]
[d33v4339jhl8k0.cloudfront.net/docs/assets/52933b0ee4b0865bc066c067/images/55af4b7ce4b03e788eda527e/file-E2yj8AeYqG.png]
[help.futureproofs.net/article/186-how-do-i-edit-markup.html]
[d33v4339jhl8k0.cloudfront.net/docs/assets/52933b0ee4b0865bc066c067/images/556ef614e4b01a224b428695/file-JhyeBkRoa2.png]
[d33v4339jhl8k0.cloudfront.net/docs/assets/52933b0ee4b0865bc066c067/images/556ef637e4b027e1978e4aff/file-ZIByy7gc4Q.png]
[d33v4339jhl8k0.cloudfront.net/docs/assets/52933b0ee4b0865bc066c067/images/556ef660e4b027e1978e4b00/file-vyzaWcYj1Y.png]
[help.futureproofs.net/article/184-how-do-i-change-the-text-in-my-markup.html]
[help.futureproofs.net/category/108-marking-up-proofs76f0.html]
[help.futureproofs.net/category/108-marking-up-proofs/2.html]
[help.futureproofs.net/article/122-how-do-i-make-a-general-comment-on-the-proof.html]
[help.futureproofs.net/article/201-how-do-i-format-my-maths-markup.html]
[help.futureproofs.net/article/120-how-do-i-save-my-changes.html]
[help.futureproofs.net/article/233-how-do-i-change-the-size-of-a-proof.html]
[help.futureproofs.net/category/108-marking-up-proofs/276f0.html]
[help.futureproofs.net/article/131-things-to-do-before-dealing-with-queries.html]
[help.futureproofs.net/article/132-summary-of-queries-in-futureproofs.html]
[d33v4339jhl8k0.cloudfront.net/docs/assets/52933b0ee4b0865bc066c067/images/57dbaa5e903360216365a07b/file-FlQ9tiXBBD.png]
[help.futureproofs.net/article/121-how-do-i-raise-a-query-for-another-team-member.html]
[d33v4339jhl8k0.cloudfront.net/docs/assets/52933b0ee4b0865bc066c067/images/5787a60ec697912dee72b043/file-Ar5drmNm2R.png]
[d33v4339jhl8k0.cloudfront.net/docs/assets/52933b0ee4b0865bc066c067/images/578797d7903360751e722bcb/file-n6hjAUpTxq.png]
[d33v4339jhl8k0.cloudfront.net/docs/assets/52933b0ee4b0865bc066c067/images/578798acc697912dee72af9e/file-P93xA4n2oX.png]
[help.futureproofs.net/article/241-can-i-add-a-global-change.html]
[d33v4339jhl8k0.cloudfront.net/docs/assets/52933b0ee4b0865bc066c067/images/578798c0c697912dee72af9f/file-flGhYeU6rT.png]
[d33v4339jhl8k0.cloudfront.net/docs/assets/52933b0ee4b0865bc066c067/images/5787991e903360751e722bd3/file-COhpv35utO.png]
[help.futureproofs.net/article/134-how-do-i-find-my-query-inbox.html]
[d33v4339jhl8k0.cloudfront.net/docs/assets/52933b0ee4b0865bc066c067/images/5903029c2c7d3a057f88a39c/file-aXU3uzOI29.png]
[d33v4339jhl8k0.cloudfront.net/docs/assets/52933b0ee4b0865bc066c067/images/57879a7d903360751e722be1/file-60tkOtRPug.png]
[help.futureproofs.net/article/133-what-does-the-orange-number-in-the-filter-sidebar-mean.html]
[d33v4339jhl8k0.cloudfront.net/docs/assets/52933b0ee4b0865bc066c067/images/57879a4ac697912dee72afb0/file-zRymf6j93g.png]
[d33v4339jhl8k0.cloudfront.net/docs/assets/52933b0ee4b0865bc066c067/images/57879b57c697912dee72afb8/file-qML2mxy5jE.png]
[d33v4339jhl8k0.cloudfront.net/docs/assets/52933b0ee4b0865bc066c067/images/5787a001c697912dee72afdb/file-e3znbRIBzW.png]
[help.futureproofs.net/article/135-how-do-i-view-a-query.html]
[d33v4339jhl8k0.cloudfront.net/docs/assets/52933b0ee4b0865bc066c067/images/586b67fc90336009736c1374/file-QHnv8RjRgw.png]
[d33v4339jhl8k0.cloudfront.net/docs/assets/52933b0ee4b0865bc066c067/images/586b6814c697915403a08ea0/file-2f3yHcBpw8.png]
[help.futureproofs.net/article/236-what-is-in-the-queries-sidebar.html]
[d33v4339jhl8k0.cloudfront.net/docs/assets/52933b0ee4b0865bc066c067/images/586b679990336009736c1369/file-LencWKycna.png]
[d33v4339jhl8k0.cloudfront.net/docs/assets/52933b0ee4b0865bc066c067/images/5787a075903360751e722c1d/file-EkyP51qgq8.png]
[d33v4339jhl8k0.cloudfront.net/docs/assets/52933b0ee4b0865bc066c067/images/5787a152c697912dee72aff5/file-TpfdG7aUle.png]
[help.futureproofs.net/article/136-how-do-i-respond-to-a-query.html]
[d33v4339jhl8k0.cloudfront.net/docs/assets/52933b0ee4b0865bc066c067/images/5787a17b903360751e722c33/file-m45nC2QY6S.png]
[d33v4339jhl8k0.cloudfront.net/docs/assets/52933b0ee4b0865bc066c067/images/5787a1f0c697912dee72affe/file-1buv7FsxgG.png]
[d33v4339jhl8k0.cloudfront.net/docs/assets/52933b0ee4b0865bc066c067/images/586b669ac697915403a08e8c/file-MSPemRgwjC.png]
[help.futureproofs.net/article/137-what-does-mark-as-dealt-with-mean.html]
[d33v4339jhl8k0.cloudfront.net/docs/assets/52933b0ee4b0865bc066c067/images/5787a279c697912dee72b00b/file-5rxhlI1NZA.png]
[d33v4339jhl8k0.cloudfront.net/docs/assets/52933b0ee4b0865bc066c067/images/57990b66c6979160ca1481c9/file-ZidM07t8zl.png]
[help.futureproofs.net/article/229-which-queries-can-i-see-on-a-master-proof.html]
[help.futureproofs.net/article/139-daily-digest-emails.html]
[help.futureproofs.net/article/199-how-do-i-stop-getting-query-reminder-emails.html]
[help.futureproofs.net/article/123-things-to-do-before-collating-markup.html]
[help.futureproofs.net/article/124-what-is-a-master-proof.html]
[help.futureproofs.net/article/125-how-do-master-proofs-work-in-futureproofs.html]
[d33v4339jhl8k0.cloudfront.net/docs/assets/52933b0ee4b0865bc066c067/images/58244b30c697916f5d04e52f/file-hvRD77th3p.png]
[d33v4339jhl8k0.cloudfront.net/docs/assets/52933b0ee4b0865bc066c067/images/58244c06c697916f5d04e535/file-n8JFZjkGyi.png]
[d33v4339jhl8k0.cloudfront.net/docs/assets/52933b0ee4b0865bc066c067/images/5aa9050e2c7d3a2c49830394/file-xYUUu2NWce.png]
[help.futureproofs.net/article/127-how-do-i-view-a-master-proof.html]
[d33v4339jhl8k0.cloudfront.net/docs/assets/52933b0ee4b0865bc066c067/images/5639e2aa90336002f86da8eb/file-FqmJiKAata.png]
[d33v4339jhl8k0.cloudfront.net/docs/assets/52933b0ee4b0865bc066c067/images/5639e2c490336002f86da8ec/file-n9oBOEKNAA.png]
[help.futureproofs.net/article/128-how-do-i-view-another-users-markup-in-the-master-proof.html]
[d33v4339jhl8k0.cloudfront.net/docs/assets/52933b0ee4b0865bc066c067/images/533ea931e4b09045db8e865b/file-rneoIpgwi9.png]
[d33v4339jhl8k0.cloudfront.net/docs/assets/52933b0ee4b0865bc066c067/images/54072b6de4b03a87509a8bbd/file-7WtILkwxFD.png]
[d33v4339jhl8k0.cloudfront.net/docs/assets/52933b0ee4b0865bc066c067/images/54072b8ce4b03a87509a8bbe/file-rj4tTrcc7Y.png]
[d33v4339jhl8k0.cloudfront.net/docs/assets/52933b0ee4b0865bc066c067/images/5639e368c697910ae05f0d86/file-Yrg1CqiGmA.png]
[d33v4339jhl8k0.cloudfront.net/docs/assets/52933b0ee4b0865bc066c067/images/5639e4ed90336002f86da8fe/file-b40TYKP4aL.png]
[d33v4339jhl8k0.cloudfront.net/docs/assets/52933b0ee4b0865bc066c067/images/5492f6f6e4b07d03cb251403/file-MHZuLlXEE6.png]
[help.futureproofs.net/article/129-how-do-i-copy-another-users-markup-into-the-master.html]
[help.futureproofs.net/article/126-how-do-i-create-a-master-proof.1a3.delayed]
[d33v4339jhl8k0.cloudfront.net/docs/assets/52933b0ee4b0865bc066c067/images/54072d2ee4b0a713440b557c/file-kvxoVsbSq4.png]
[help.futureproofs.net/article/130-how-do-i-remove-markup-from-the-master.html]
[help.futureproofs.net/article/194-how-can-i-see-who-created-markup.html]
[d33v4339jhl8k0.cloudfront.net/docs/assets/52933b0ee4b0865bc066c067/images/5714ffaac697911a6f03a169/file-9T4tPeEWYB.png]
[d33v4339jhl8k0.cloudfront.net/docs/assets/52933b0ee4b0865bc066c067/images/5714ffd39033602796676c00/file-xAvJhOutnD.png]
[d33v4339jhl8k0.cloudfront.net/docs/assets/52933b0ee4b0865bc066c067/images/5715009c9033602796676c08/file-4HuDzEPDP5.png]
[help.futureproofs.net/article/219-can-i-lock-a-master-proof-to-protect-it-from-changes.html]
[help.futureproofs.net/article/158-things-to-to-before-implementing-corrections.html]
[help.futureproofs.net/article/214-how-do-i-share-a-master-proof-with-a-designer.html]
[d33v4339jhl8k0.cloudfront.net/docs/assets/52933b0ee4b0865bc066c067/images/571505b39033602796676c38/file-ifng6k5zrw.png]
[help.futureproofs.net/article/215-how-do-i-review-the-corrections-on-the-master-proof.html]
[d33v4339jhl8k0.cloudfront.net/docs/assets/52933b0ee4b0865bc066c067/images/571506569033602796676c3b/file-oKmpaWemmm.png]
[d33v4339jhl8k0.cloudfront.net/docs/assets/52933b0ee4b0865bc066c067/images/571507429033602796676c40/file-9BNlL4Jywe.png]
[d33v4339jhl8k0.cloudfront.net/docs/assets/52933b0ee4b0865bc066c067/images/571507ac9033602796676c44/file-fwcKeYq5VV.png]
[help.futureproofs.net/article/220-how-do-i-indicate-that-ive-made-a-change-in-designer-mode.html]
[help.futureproofs.net/article/228-can-i-ask-questions-if-anything-isnt-clear-in-the-master-proof.html]
[help.futureproofs.net/article/221-can-i-see-the-changes-that-have-been-marked-as-completed-in-designer-mode.html]
[d33v4339jhl8k0.cloudfront.net/docs/assets/52933b0ee4b0865bc066c067/images/573306e390336023c675daf4/file-cdCcEohvYI.png]
[help.futureproofs.net/article/222-can-i-see-the-progress-of-the-design-team-on-my-proof.html]
[d33v4339jhl8k0.cloudfront.net/docs/assets/52933b0ee4b0865bc066c067/images/57dba872c697913ea646e641/file-42Xk3Icwhj.png]
[d33v4339jhl8k0.cloudfront.net/docs/assets/52933b0ee4b0865bc066c067/images/5714fdf19033602796676bf1/file-wFZEkdO7fE.png]
[d33v4339jhl8k0.cloudfront.net/docs/assets/52933b0ee4b0865bc066c067/images/53bd3c6be4b0e40212474c86/file-BaAxwGA7oJ.png]
[help.futureproofs.net/article/160-how-do-i-generate-a-pdf-to-download.html]
[d33v4339jhl8k0.cloudfront.net/docs/assets/52933b0ee4b0865bc066c067/images/562638d1903360610fc69bdb/file-twZDT15mdw.png]
[help.futureproofs.net/article/161-can-i-generate-a-new-pdf-if-the-master-proof-has-changed.html]
[d33v4339jhl8k0.cloudfront.net/docs/assets/52933b0ee4b0865bc066c067/images/56e91ee5c69791147146261b/file-hCeWIucrrE.png]
[d33v4339jhl8k0.cloudfront.net/docs/assets/52933b0ee4b0865bc066c067/images/56210ae4903360610fc68d2c/file-EpfnYJ7Vsc.png]
[help.futureproofs.net/article/162-how-do-i-download-my-pdf.html]
[help.futureproofs.net/article/163-why-cant-i-see-the-option-to-download-a-pdf.html]
[d33v4339jhl8k0.cloudfront.net/docs/assets/52933b0ee4b0865bc066c067/images/53bd3ffce4b0e40212474c8d/file-zQ2sXzW0wg.png]
[d33v4339jhl8k0.cloudfront.net/docs/assets/52933b0ee4b0865bc066c067/images/53bea7a8e4b02d98312d37ed/file-o4Zcg4jhwQ.png]
[d33v4339jhl8k0.cloudfront.net/docs/assets/52933b0ee4b0865bc066c067/images/56210b71903360610fc68d34/file-2brxpmqLvj.png]
[help.futureproofs.net/article/164-what-will-i-see-in-my-downloaded-pdf.html]
[d33v4339jhl8k0.cloudfront.net/docs/assets/52933b0ee4b0865bc066c067/images/5549f0f5e4b01a224b4226e3/file-EWpi3heIYb.png]
[d33v4339jhl8k0.cloudfront.net/docs/assets/52933b0ee4b0865bc066c067/images/58dce3bddd8c8e5c5730fadf/file-OTHvKraJhP.png]
[help.futureproofs.net/article/239-how-can-i-copy-the-text-part-of-markup.html]
[d33v4339jhl8k0.cloudfront.net/docs/assets/52933b0ee4b0865bc066c067/images/58dce3cf2c7d3a52b42f0efa/file-QBjqXK1kSa.png]
[d33v4339jhl8k0.cloudfront.net/docs/assets/52933b0ee4b0865bc066c067/images/599ae1d2042863033a1c26e8/file-yMigTd9MB6.png]
[help.futureproofs.net/article/242-can-i-see-a-list-of-all-changes-to-a-master-proof.html]
[d33v4339jhl8k0.cloudfront.net/docs/assets/52933b0ee4b0865bc066c067/images/599ae203042863033a1c26f5/file-44DsJcOisx.png]
[help.futureproofs.net/article/166-things-to-do-before-comparing-proofs.html]
[help.futureproofs.net/article/167-why-should-i-compare-versions.html]
[help.futureproofs.net/article/168-how-do-i-compare-my-proof-with-a-previous-master.html]
[d33v4339jhl8k0.cloudfront.net/docs/assets/52933b0ee4b0865bc066c067/images/57a066aec6979160ca14a164/file-0gRT4VeQ0s.png]
[help.futureproofs.net/article/169-why-does-proofreading-mode-look-different.html]
[d33v4339jhl8k0.cloudfront.net/docs/assets/52933b0ee4b0865bc066c067/images/53f3565ce4b0b1fdd3d5c40c/file-Ht7Ogp9TQM.png]
[d33v4339jhl8k0.cloudfront.net/docs/assets/52933b0ee4b0865bc066c067/images/53f3583de4b0b1fdd3d5c41d/file-PiCgPc0KY2.png]
[d33v4339jhl8k0.cloudfront.net/docs/assets/52933b0ee4b0865bc066c067/images/53f35854e4b0b1fdd3d5c41e/file-wdw20lr25h.png]
[d33v4339jhl8k0.cloudfront.net/docs/assets/52933b0ee4b0865bc066c067/images/53f357a3e4b0f56a537f7c47/file-1MZ5rcTOc6.png]
[d33v4339jhl8k0.cloudfront.net/docs/assets/52933b0ee4b0865bc066c067/images/53f357f3e4b0b1fdd3d5c41b/file-D9AtHfrm2S.png]
[help.futureproofs.net/article/170-how-do-i-copy-markup-from-one-version-to-another.html]
[d33v4339jhl8k0.cloudfront.net/docs/assets/52933b0ee4b0865bc066c067/images/57a067a6c6979160ca14a169/file-CQbLskMOVb.png]
[d33v4339jhl8k0.cloudfront.net/docs/assets/52933b0ee4b0865bc066c067/images/57a06be8c6979160ca14a172/file-rM1kuNuFJU.png]
[help.futureproofs.net/article/171-how-do-i-move-markup-to-another-page-in-proofreading-mode.html]
[d33v4339jhl8k0.cloudfront.net/docs/assets/52933b0ee4b0865bc066c067/images/53f35b63e4b0f56a537f7c52/file-G0za5AAjYF.png]
[help.futureproofs.net/article/172-why-cant-i-add-new-markup-to-the-left-hand-proof.html]
[d33v4339jhl8k0.cloudfront.net/docs/assets/52933b0ee4b0865bc066c067/images/57a06dddc6979160ca14a17b/file-mroUfb4cBE.png]
[d33v4339jhl8k0.cloudfront.net/docs/assets/52933b0ee4b0865bc066c067/images/57a06e29903360293603bde5/file-eeycRUX7Qn.png]
[d33v4339jhl8k0.cloudfront.net/docs/assets/52933b0ee4b0865bc066c067/images/57a06f3fc6979160ca14a185/file-B9v6A29Ffu.png]
[help.futureproofs.net/article/230-what-if-my-proofs-have-been-restructured.html]
[help.futureproofs.net/article/140-due-date-reminder-emails.html]
[d33v4339jhl8k0.cloudfront.net/docs/assets/52933b0ee4b0865bc066c067/images/57a06fe9903360293603bdea/file-D912ZQYJ8s.png]
[d33v4339jhl8k0.cloudfront.net/docs/assets/52933b0ee4b0865bc066c067/images/5694d6189033603f7da2ff49/file-4AOzOcC2ml.jpg]
[help.futureproofs.net/article/174-why-am-i-here]
[help.futureproofs.net/article/20-what-does-futureproofs-do]
[d33v4339jhl8k0.cloudfront.net/docs/assets/52933b0ee4b0865bc066c067/images/5694dd7cc69791436155dcf8/file-iq74HzQyH1.png]
[d33v4339jhl8k0.cloudfront.net/docs/assets/52933b0ee4b0865bc066c067/images/5694dc6ec69791436155dcf4/file-lKfEZMAkkR.png]
[help.futureproofs.net/article/9-creating-an-account]
[d33v4339jhl8k0.cloudfront.net/docs/assets/52933b0ee4b0865bc066c067/images/56657bcb90336053e408fde5/file-VgFvP2YfjX.png]
[help.futureproofs.net/article/202-how-do-i-enter-maths-in-futureproofs.html]
[d33v4339jhl8k0.cloudfront.net/docs/assets/52933b0ee4b0865bc066c067/images/5666a6e7c697915b26a5df05/file-apuqYJtPZX.png]
[d33v4339jhl8k0.cloudfront.net/docs/assets/52933b0ee4b0865bc066c067/images/540742bee4b00aac9e7f375e/file-BWYi4RHkTK.png]
[help.futureproofs.net/article/142-what-does-mark-proof-as-complete-mean.html]
[help.futureproofs.net/article/133-what-is-the-orange-number-next-to-queries.html]
[d33v4339jhl8k0.cloudfront.net/docs/assets/52933b0ee4b0865bc066c067/images/55dad628e4b01d7a6a9bcad3/file-QclsiRCmdE.png]
[help.futureproofs.net/article/154-what-is-the-difference-between-an-owner-and-an-admin-in-a-company.html]
[help.futureproofs.net/article/154-what-is-the-difference-between-an-owner-and-an-admin-in-a-publisher.html]
[help.futureproofs.net/article/116-how-do-i-add-markup-to-a-proof]
[help.futureproofs.net/article/189-can-i-format-the-text-in-my-markup]
[d33v4339jhl8k0.cloudfront.net/docs/assets/52933b0ee4b0865bc066c067/images/55ffe034c69791015699fefe/file-uxLmIQqgRY.png]
[help.futureproofs.net/article/193-how-do-i-attach-a-file-to-my-markup.html]
[d33v4339jhl8k0.cloudfront.net/docs/assets/52933b0ee4b0865bc066c067/images/551a70f9e4b0221aadf242d0/file-PdT9BKTLJs.png]
[help.futureproofs.net/article/181-how-do-i-change-the-colour-of-a-mark.html]
[d33v4339jhl8k0.cloudfront.net/docs/assets/52933b0ee4b0865bc066c067/images/551a7186e4b06103140212d2/file-3b4PkSbP1X.png]
[d33v4339jhl8k0.cloudfront.net/docs/assets/52933b0ee4b0865bc066c067/images/533a95d6e4b09045db8e82f9/file-w1Szw66wqu.png]
[help.futureproofs.net/article/118-how-do-i-delete-markup.html]
[help.futureproofs.net/category/108-marking-up-proofs/2.html]
[help.futureproofs.net/article/122-how-do-i-make-a-general-comment-on-the-proof.html]
[d33v4339jhl8k0.cloudfront.net/docs/assets/52933b0ee4b0865bc066c067/images/54073036e4b0a713440b5590/file-Ciz9TTe50Y.png]
[help.futureproofs.net/article/25-how-do-i-invite-people-to-join-my-company]
[d33v4339jhl8k0.cloudfront.net/docs/assets/52933b0ee4b0865bc066c067/images/566576c290336053e408fdd0/file-UOvUqDousQ.png]
[d33v4339jhl8k0.cloudfront.net/docs/assets/52933b0ee4b0865bc066c067/images/56657a36c697915b26a5da26/file-hWmuRhLseb.png]
[d33v4339jhl8k0.cloudfront.net/docs/assets/52933b0ee4b0865bc066c067/images/56657a8190336053e408fdde/file-hFoYwE1KoR.png]
[help.futureproofs.net/article/201-how-do-i-format-my-maths-markup.html]
[d33v4339jhl8k0.cloudfront.net/docs/assets/52933b0ee4b0865bc066c067/images/56657ac4c697915b26a5da28/file-DRTIun1uE0.png]
[help.futureproofs.net/article/120-how-do-i-save-my-changes.html]
[d33v4339jhl8k0.cloudfront.net/docs/assets/52933b0ee4b0865bc066c067/images/54073296e4b0f1ff7f7d1390/file-XuXcQakDKF.png]
[d33v4339jhl8k0.cloudfront.net/docs/assets/52933b0ee4b0865bc066c067/images/582d9bb2903360645bfa4f22/file-YF5C0a4BSk.png]
[help.futureproofs.net/article/233-how-do-i-change-the-size-of-a-proof.html]
[d33v4339jhl8k0.cloudfront.net/docs/assets/52933b0ee4b0865bc066c067/images/582d9c08903360645bfa4f25/file-wbvuFwg1bC.png]
[d33v4339jhl8k0.cloudfront.net/docs/assets/52933b0ee4b0865bc066c067/images/599adea72c7d3a73488c29b8/file-N2AdSgGO4t.png]
[d33v4339jhl8k0.cloudfront.net/docs/assets/52933b0ee4b0865bc066c067/images/599ae44a2c7d3a73488c2a37/file-xm9lrZlM2L.png]
[help.futureproofs.net/article/241-can-i-add-a-global-change.html]
[help.futureproofs.net/article/126-how-do-i-create-a-master-proof.html]
[help.futureproofs.net/article/116-how-do-i-add-markup-to-a-proof]
[d33v4339jhl8k0.cloudfront.net/docs/assets/52933b0ee4b0865bc066c067/images/566593c690336053e408fe43/file-0OByM6nz4f.png]
[d33v4339jhl8k0.cloudfront.net/docs/assets/52933b0ee4b0865bc066c067/images/5665945790336053e408fe46/file-1kSKrbpaym.png]
[help.futureproofs.net/article/189-can-i-format-the-text-in-my-markup]
[help.futureproofs.net/article/25-how-do-i-invite-people-to-join-my-company]
[help.futureproofs.net/article/24-request-a-publisher-account]
[d33v4339jhl8k0.cloudfront.net/docs/assets/52933b0ee4b0865bc066c067/images/55c610ebe4b01fdb81eb1abb/file-RMgfYiT7Vq.png]
[help.futureproofs.net/article/215-how-do-i-share-the-corrections-with-a-designer]
[help.futureproofs.net/article/215-how-do-i-share-the-corrections-with-a-designer]
[help.futureproofs.net/article/171-how-do-i-edit-markup-in-proofreading-mode]
[help.futureproofs.net/article/171-how-do-i-edit-markup-in-proofreading-mode]
[www.google.com/recaptcha/api.js]
[d3eto7onm69fcz.cloudfront.net/assets/stylesheets/launch-1645524584965.css]
[s3.amazonaws.com/helpscout.net/docs/assets/52933b0ee4b0865bc066c067/attachments/552ccc9ae4b02f603f6874ac/futureproofs_help.css]
[d3eto7onm69fcz.cloudfront.net/assets/stylesheets/launch-1646235652674.css]
[d3eto7onm69fcz.cloudfront.net/assets/stylesheets/launch-1646591184861.css]
[d3eto7onm69fcz.cloudfront.net/assets/stylesheets/launch-1647114833449.css]
[d3eto7onm69fcz.cloudfront.net/assets/stylesheets/launch-1647082982391.css]
[d3eto7onm69fcz.cloudfront.net/assets/stylesheets/launch-1646887842945.css]
[help.futureproofs.net/article/9-creating-an-account]
[help.futureproofs.net/article/9-creating-an-account]
[help.futureproofs.net/article/116-how-do-i-add-markup-to-a-proof]
[help.futureproofs.net/article/116-how-do-i-add-markup-to-a-proof]
[help.futureproofs.net/article/154-what-is-the-difference-between-an-owner-and-an-admin-in-a-company.html]
[help.futureproofs.net/article/25-how-do-i-invite-people-to-join-my-company]
[help.futureproofs.net/article/25-how-do-i-invite-people-to-join-my-company]
[help.futureproofs.net/article/154-what-is-the-difference-between-an-owner-and-an-admin-in-a-publisher.html]
[help.futureproofs.net/article/24-request-a-publisher-account]
[help.futureproofs.net/article/193-how-do-i-attach-a-file-to-my-markup.html]
[help.futureproofs.net/article/181-how-do-i-change-the-colour-of-a-mark.html]
[help.futureproofs.net/category/108-marking-up-proofs/2.html]
[help.futureproofs.net/article/126-how-do-i-create-a-master-proof.html]
[help.futureproofs.net/article/171-how-do-i-edit-markup-in-proofreading-mode]
[help.futureproofs.net/article/171-how-do-i-edit-markup-in-proofreading-mode]
[help.futureproofs.net/article/116-how-do-i-add-markup-to-a-proof]
[help.futureproofs.net/article/116-how-do-i-add-markup-to-a-proof]
[help.futureproofs.net/article/25-how-do-i-invite-people-to-join-my-company]
[help.futureproofs.net/article/25-how-do-i-invite-people-to-join-my-company]
[help.futureproofs.net/article/215-how-do-i-share-the-corrections-with-a-designer]
[help.futureproofs.net/article/215-how-do-i-share-the-corrections-with-a-designer]
[blog.wearefutureproofs.com/wp-content/uploads/2015/04/logo_help.png]
